2026-06-30 05:21:16 +0000 [MT] Initial pipeline context: <IDEDistributionProcessingPipelineContext: 0xb88105500; archive(resolved)="<IDEArchive: 0xb881901c0>", distributionTask(resolved)="2", distributionDestination(resolved)="1", distributionMethod(resolved)="<IDEDistributionMethodMacAppStoreDistribution: 0xb866437e0>", team(resolved)="<IDEProvisioningBasicTeam: 0xb881b5e20; teamID='QMM486NPYC', teamName='Joshua Trommel'>">
	Chain (15, self inclusive):
	<IDEDistributionProcessingPipelineContext: 0xb88105500; archive = "<IDEArchive: 0xb881901c0>", distributionMethod="<IDEDistributionMethodMacAppStoreDistribution: 0xb866437e0>", team="<IDEProvisioningBasicTeam: 0xb881b5e20; teamID='QMM486NPYC', teamName='Joshua Trommel'>">
	<IDEDistributionProcessingPipelineContext: 0xb88104c00; archive = "<IDEArchive: 0xb881901c0>", distributionMethod="<IDEDistributionMethodMacAppStoreDistribution: 0xb866437e0>", team="<IDEProvisioningBasicTeam: 0xb881b5e20; teamID='QMM486NPYC', teamName='Joshua Trommel'>">
	<IDEDistributionContext: 0xb867bef80; archive = "<IDEArchive: 0xb881901c0>", distributionMethod="<IDEDistributionMethodMacAppStoreDistribution: 0xb866437e0>", team="<IDEProvisioningBasicTeam: 0xb881b5e20; teamID='QMM486NPYC', teamName='Joshua Trommel'>">
	<IDEDistributionContext: 0xb867bf200; archive = "<IDEArchive: 0xb881901c0>", distributionMethod="<IDEDistributionMethodMacAppStoreDistribution: 0xb866437e0>", team="<IDEProvisioningBasicTeam: 0xb881b5e20; teamID='QMM486NPYC', teamName='Joshua Trommel'>">
	<IDEDistributionContext: 0xb867bd900; archive = "<IDEArchive: 0xb881901c0>", distributionMethod="<IDEDistributionMethodMacAppStoreDistribution: 0xb866437e0>", team="<IDEProvisioningBasicTeam: 0xb881b5e20; teamID='QMM486NPYC', teamName='Joshua Trommel'>">
	<IDEDistributionContext: 0xb867bf480; archive = "<IDEArchive: 0xb881901c0>", distributionMethod="<IDEDistributionMethodMacAppStoreDistribution: 0xb866437e0>", team="<IDEProvisioningBasicTeam: 0xb881b5e20; teamID='QMM486NPYC', teamName='Joshua Trommel'>">
	<IDEDistributionContext: 0xb867bde00; archive = "<IDEArchive: 0xb881901c0>", distributionMethod="<IDEDistributionMethodMacAppStoreDistribution: 0xb866437e0>", team="<IDEProvisioningBasicTeam: 0xb881b5e20; teamID='QMM486NPYC', teamName='Joshua Trommel'>">
	<IDEDistributionContext: 0xb867bf700; archive = "<IDEArchive: 0xb881901c0>", distributionMethod="<IDEDistributionMethodMacAppStoreDistribution: 0xb866437e0>", team="<IDEProvisioningBasicTeam: 0xb881b5e20; teamID='QMM486NPYC', teamName='Joshua Trommel'>">
	<IDEDistributionContext: 0xb867be080; archive = "<IDEArchive: 0xb881901c0>", distributionMethod="<IDEDistributionMethodMacAppStoreDistribution: 0xb866437e0>", team="<IDEProvisioningBasicTeam: 0xb881b5e20; teamID='QMM486NPYC', teamName='Joshua Trommel'>">
	<IDEDistributionContext: 0xb867bcf00; archive = "<IDEArchive: 0xb881901c0>", distributionMethod="<IDEDistributionMethodMacAppStoreDistribution: 0xb866437e0>", team="<IDEProvisioningBasicTeam: 0xb881b5e20; teamID='QMM486NPYC', teamName='Joshua Trommel'>">
	<IDEDistributionContext: 0xb867bcc80; archive = "<IDEArchive: 0xb881901c0>", distributionMethod="<IDEDistributionMethodMacAppStoreDistribution: 0xb866437e0>", team="<IDEProvisioningBasicTeam: 0xb881b5e20; teamID='QMM486NPYC', teamName='Joshua Trommel'>">
	<IDEDistributionContext: 0xb867bca00; archive = "<IDEArchive: 0xb881901c0>", distributionMethod="<IDEDistributionMethodMacAppStoreDistribution: 0xb866437e0>", team="<IDEProvisioningBasicTeam: 0xb881b5e20; teamID='QMM486NPYC', teamName='Joshua Trommel'>">
	<IDEDistributionContext: 0xb867bc780; archive = "<IDEArchive: 0xb881901c0>", distributionMethod="<IDEDistributionMethodMacAppStoreDistribution: 0xb866437e0>", team="(null)">
	<IDEDistributionContext: 0xb867bc000; archive = "<IDEArchive: 0xb881901c0>", distributionMethod="<IDEDistributionMethodMacAppStoreDistribution: 0xb866437e0>", team="(null)">
	<IDEDistributionContext: 0x105487e70; archive = "<IDEArchive: 0xb881901c0>", distributionMethod="(null)", team="(null)">
</IDEDistributionProcessingPipelineContext: 0xb88105500>
2026-06-30 05:21:16 +0000 [MT] Processing step: IDEDistributionCreateDestRootStep
2026-06-30 05:21:16 +0000 [MT] Processing step: IDEDistributionCopyItemStep
2026-06-30 05:21:16 +0000 [MT] Running /usr/bin/ditto '-V' '/Users/joshua/Documents/Code/nyc/.asc/artifacts/NYCSurvive.xcarchive/Products/Applications/NYCSurvive.app' '/var/folders/vk/dmj39y_n1n7gs0wclbyqkfn40000gn/T/XcodeDistPipeline.~~~kcIdcX/Root/Applications/NYCSurvive.app'
2026-06-30 05:21:16 +0000  >>> Copying /Users/joshua/Documents/Code/nyc/.asc/artifacts/NYCSurvive.xcarchive/Products/Applications/NYCSurvive.app 
2026-06-30 05:21:16 +0000  copying file ./Contents/_CodeSignature/CodeResources ... 
2026-06-30 05:21:16 +0000  2924 bytes for ./Contents/_CodeSignature/CodeResources
2026-06-30 05:21:16 +0000  copying file ./Contents/MacOS/NYCSurvive ... 
2026-06-30 05:21:16 +0000  1114768 bytes for ./Contents/MacOS/NYCSurvive
2026-06-30 05:21:16 +0000  copying file ./Contents/Resources/AppIcon.icns ... 
2026-06-30 05:21:16 +0000  9647 bytes for ./Contents/Resources/AppIcon.icns
2026-06-30 05:21:16 +0000  copying file ./Contents/Resources/NYCSurvive.entitlements ... 
2026-06-30 05:21:16 +0000  240 bytes for ./Contents/Resources/NYCSurvive.entitlements
2026-06-30 05:21:16 +0000  copying file ./Contents/Resources/Assets.car ... 
2026-06-30 05:21:16 +0000  69112 bytes for ./Contents/Resources/Assets.car
2026-06-30 05:21:16 +0000  copying file ./Contents/Info.plist ... 
2026-06-30 05:21:16 +0000  1536 bytes for ./Contents/Info.plist
2026-06-30 05:21:16 +0000  copying file ./Contents/PkgInfo ... 
2026-06-30 05:21:16 +0000  8 bytes for ./Contents/PkgInfo
2026-06-30 05:21:16 +0000 [MT] /usr/bin/ditto exited with 0
2026-06-30 05:21:16 +0000 [MT] Processing step: IDEDistributionEmbedProfileStep
2026-06-30 05:21:16 +0000 [MT] Processing step: IDEDistributionInfoPlistStep
2026-06-30 05:21:16 +0000 [MT] Skipping setting DTXcodeBuildDistribution because toolsBuildVersionName was nil.
2026-06-30 05:21:16 +0000 [MT] Processing step: IDEDistributionItemRemovalStep
2026-06-30 05:21:16 +0000 [MT] Processing step: IDEDistributionAppThinningPlistStep
2026-06-30 05:21:16 +0000 [MT] Processing step: IDEDistributionSymbolsStep
2026-06-30 05:21:16 +0000 [MT] Writing /var/folders/vk/dmj39y_n1n7gs0wclbyqkfn40000gn/T/XcodeDistPipeline.~~~kcIdcX/Symbols/E3B75F49-3613-3415-A5A7-2E78B835734A.symbols
2026-06-30 05:21:16 +0000 [MT] Writing /var/folders/vk/dmj39y_n1n7gs0wclbyqkfn40000gn/T/XcodeDistPipeline.~~~kcIdcX/Symbols/AABAA85B-AD5D-3367-87B1-74095C5C985E.symbols
2026-06-30 05:21:16 +0000 [MT] Writing /var/folders/vk/dmj39y_n1n7gs0wclbyqkfn40000gn/T/XcodeDistPipeline.~~~kcIdcX/Symbols/E3B75F49-3613-3415-A5A7-2E78B835734A.symbols
2026-06-30 05:21:16 +0000 [MT] Writing /var/folders/vk/dmj39y_n1n7gs0wclbyqkfn40000gn/T/XcodeDistPipeline.~~~kcIdcX/Symbols/AABAA85B-AD5D-3367-87B1-74095C5C985E.symbols
2026-06-30 05:21:16 +0000 [MT] Processing step: IDEDistributionCopyAppleProvidedContentStep
2026-06-30 05:21:16 +0000 [MT] Processing step: IDEDistributionAppThinningStep
2026-06-30 05:21:16 +0000 [MT] Skipping step: IDEDistributionAppThinningStep because it said so
2026-06-30 05:21:16 +0000 [MT] Processing step: IDEDistributionArchThinningStep
2026-06-30 05:21:16 +0000 [MT] Archs to thin for item /Users/joshua/Documents/Code/nyc/.asc/artifacts/NYCSurvive.xcarchive/Products/Applications/NYCSurvive.app are []
2026-06-30 05:21:16 +0000 [MT] Processing step: IDEDistributionODRStep
2026-06-30 05:21:16 +0000 [MT] Processing step: IDEDistributionStripXattrsStep
2026-06-30 05:21:16 +0000 [MT] Skipping stripping extended attributes because the codesign step will strip them.
2026-06-30 05:21:16 +0000 [MT] Processing step: IDEDistributionCodesignStep
2026-06-30 05:21:16 +0000 [MT] Entitlements for <IDEDistributionItem: 0xb88167720; bundleID='com.heyitsmejosh.nyc', path='<DVTFilePath:0xb881656e0:'/Users/joshua/Documents/Code/nyc/.asc/artifacts/NYCSurvive.xcarchive/Products/Applications/NYCSurvive.app'>', codeSigningInfo='<_DVTCodeSigningInformation_Path: 0xb88167780; isSigned='1', isAdHocSigned='0', signingCertificate='<DVTSigningCertificate: 0xb85614000; name='Apple Development: trommatic@icloud.com (8VQ3Z7494A)', hash='DCF40745BE43EDF323978FBAEB96BAC4C4FA93E2', serialNumber='AD882848985F58FD0F83487E38FA44C', certificateKinds='(
    "1.2.840.113635.100.6.1.12",
    "1.2.840.113635.100.6.1.2"
), issueDate='2026-06-12 02:06:14 +0000''>', entitlements='{
    "com.apple.security.app-sandbox" = 1;
}', teamID='QMM486NPYC', identifier='com.heyitsmejosh.nyc', executablePath='<DVTFilePath:0xb88166b80:'/Users/joshua/Documents/Code/nyc/.asc/artifacts/NYCSurvive.xcarchive/Products/Applications/NYCSurvive.app/Contents/MacOS/NYCSurvive'>', hardenedRuntime='1'>'>: {
    "com.apple.application-identifier" = "QMM486NPYC.com.heyitsmejosh.nyc";
    "com.apple.developer.team-identifier" = QMM486NPYC;
    "com.apple.security.app-sandbox" = 1;
}
2026-06-30 05:21:16 +0000 [MT] Associated App Clip Identifiers Filter: Skipping because "com.apple.developer.associated-appclip-app-identifiers" is not present
2026-06-30 05:21:16 +0000 [MT] Entitlements for <IDEDistributionItem: 0xb88167720; bundleID='com.heyitsmejosh.nyc', path='<DVTFilePath:0xb881656e0:'/Users/joshua/Documents/Code/nyc/.asc/artifacts/NYCSurvive.xcarchive/Products/Applications/NYCSurvive.app'>', codeSigningInfo='<_DVTCodeSigningInformation_Path: 0xb88167780; isSigned='1', isAdHocSigned='0', signingCertificate='<DVTSigningCertificate: 0xb856146c0; name='Apple Development: trommatic@icloud.com (8VQ3Z7494A)', hash='DCF40745BE43EDF323978FBAEB96BAC4C4FA93E2', serialNumber='AD882848985F58FD0F83487E38FA44C', certificateKinds='(
    "1.2.840.113635.100.6.1.12",
    "1.2.840.113635.100.6.1.2"
), issueDate='2026-06-12 02:06:14 +0000''>', entitlements='{
    "com.apple.security.app-sandbox" = 1;
}', teamID='QMM486NPYC', identifier='com.heyitsmejosh.nyc', executablePath='<DVTFilePath:0xb88166b80:'/Users/joshua/Documents/Code/nyc/.asc/artifacts/NYCSurvive.xcarchive/Products/Applications/NYCSurvive.app/Contents/MacOS/NYCSurvive'>', hardenedRuntime='1'>'> are: {
    "com.apple.application-identifier" = "QMM486NPYC.com.heyitsmejosh.nyc";
    "com.apple.developer.team-identifier" = QMM486NPYC;
    "com.apple.security.app-sandbox" = 1;
}
2026-06-30 05:21:16 +0000 [MT] Writing entitlements for <IDEDistributionItem: 0xb88167720; bundleID='com.heyitsmejosh.nyc', path='<DVTFilePath:0xb881656e0:'/Users/joshua/Documents/Code/nyc/.asc/artifacts/NYCSurvive.xcarchive/Products/Applications/NYCSurvive.app'>', codeSigningInfo='<_DVTCodeSigningInformation_Path: 0xb88167780; isSigned='1', isAdHocSigned='0', signingCertificate='<DVTSigningCertificate: 0xb856146c0; name='Apple Development: trommatic@icloud.com (8VQ3Z7494A)', hash='DCF40745BE43EDF323978FBAEB96BAC4C4FA93E2', serialNumber='AD882848985F58FD0F83487E38FA44C', certificateKinds='(
    "1.2.840.113635.100.6.1.12",
    "1.2.840.113635.100.6.1.2"
), issueDate='2026-06-12 02:06:14 +0000''>', entitlements='{
    "com.apple.security.app-sandbox" = 1;
}', teamID='QMM486NPYC', identifier='com.heyitsmejosh.nyc', executablePath='<DVTFilePath:0xb88166b80:'/Users/joshua/Documents/Code/nyc/.asc/artifacts/NYCSurvive.xcarchive/Products/Applications/NYCSurvive.app/Contents/MacOS/NYCSurvive'>', hardenedRuntime='1'>'> to: /var/folders/vk/dmj39y_n1n7gs0wclbyqkfn40000gn/T/XcodeDistPipeline.~~~kcIdcX/entitlements~~~GGnnYv
2026-06-30 05:21:16 +0000 [MT] invoking codesign: <NSConcreteTask: 0xb885ab610; launchPath='/usr/bin/codesign', arguments='(
    "-f",
    "-s",
    841ED832F5CB2EA83C5EE8C502992F8B46BBBC32,
    "--entitlements",
    "/var/folders/vk/dmj39y_n1n7gs0wclbyqkfn40000gn/T/XcodeDistPipeline.~~~kcIdcX/entitlements~~~GGnnYv",
    "--preserve-metadata=identifier,flags,runtime,launch-constraints,library-constraints",
    "--generate-entitlement-der",
    "--strip-disallowed-xattrs",
    "-vvv",
    "/var/folders/vk/dmj39y_n1n7gs0wclbyqkfn40000gn/T/XcodeDistPipeline.~~~kcIdcX/Root/Applications/NYCSurvive.app"
)'>
2026-06-30 05:21:16 +0000 [MT] codesign output: /var/folders/vk/dmj39y_n1n7gs0wclbyqkfn40000gn/T/XcodeDistPipeline.~~~kcIdcX/Root/Applications/NYCSurvive.app: replacing existing signature
/var/folders/vk/dmj39y_n1n7gs0wclbyqkfn40000gn/T/XcodeDistPipeline.~~~kcIdcX/Root/Applications/NYCSurvive.app: signed app bundle with Mach-O universal (x86_64 arm64) [com.heyitsmejosh.nyc]
2026-06-30 05:21:16 +0000 [MT] Processing step: IDEDistributionZipODRItemStep
2026-06-30 05:21:16 +0000 [MT] Skipping step: IDEDistributionZipODRItemStep because it said so
2026-06-30 05:21:16 +0000 [MT] Processing step: IDEDistributionCreatePKGStep
2026-06-30 05:21:16 +0000 [MT] Running /usr/bin/productbuild '--sign' '3rd Party Mac Developer Installer: Joshua Trommel (QMM486NPYC)' '--symbolication' '/var/folders/vk/dmj39y_n1n7gs0wclbyqkfn40000gn/T/XcodeDistPipeline.~~~kcIdcX/Symbols' '--component' '/var/folders/vk/dmj39y_n1n7gs0wclbyqkfn40000gn/T/XcodeDistPipeline.~~~kcIdcX/Root/Applications/NYCSurvive.app' '/Applications' '/var/folders/vk/dmj39y_n1n7gs0wclbyqkfn40000gn/T/XcodeDistPipeline.~~~kcIdcX/Packages/NYCSurvive.pkg'
2026-06-30 05:21:17 +0000  productbuild: Adding component at /var/folders/vk/dmj39y_n1n7gs0wclbyqkfn40000gn/T/XcodeDistPipeline.~~~kcIdcX/Root/Applications/NYCSurvive.app
productbuild: Signing product with identity "3rd Party Mac Developer Installer: Joshua Trommel (QMM486NPYC)" from keychain /Users/joshua/Library/Keychains/login.keychain-db
productbuild: Adding certificate "Apple Worldwide Developer Relations Certification Authority"
productbuild: Adding certificate "Apple Root CA"
productbuild: Wrote product to /var/folders/vk/dmj39y_n1n7gs0wclbyqkfn40000gn/T/XcodeDistPipeline.~~~kcIdcX/Packages/NYCSurvive.pkg
productbuild: Supported OS versions: [Min: 15.0, Before: None]
2026-06-30 05:21:17 +0000 [MT] /usr/bin/productbuild exited with 0
2026-06-30 05:21:17 +0000 [MT] Processing step: IDEDistributionAppStoreInformationStep
2026-06-30 05:21:17 +0000 [MT] Skipping step: IDEDistributionAppStoreInformationStep because it said so
2026-06-30 05:21:17 +0000 [MT] Processing step: IDEDistributionGenerateProcessedDistributionItems
2026-06-30 05:21:17 +0000 [MT] IDEDistributionItem init <DVTFilePath:0xb883f9a40:'/var/folders/vk/dmj39y_n1n7gs0wclbyqkfn40000gn/T/XcodeDistPipeline.~~~kcIdcX/Root/Applications/NYCSurvive.app'>
2026-06-30 05:21:17 +0000 [MT] Processing step: IDEDistributionCreateManifestStep
2026-06-30 05:21:17 +0000 [MT] Skipping step: IDEDistributionCreateManifestStep because it said so
